This is MetaPost, version 1.902 (TeX Live 2014) (kpathsea version 6.2.0)  20 OCT 2016 09:38
**test
(/usr/local/texlive/2014/texmf-dist/metapost/base/mpost.mp
(/usr/local/texlive/2014/texmf-dist/metapost/base/plain.mp
Preloading the plain mem file, version 1.005) ) (./test.mp
(/usr/local/texlive/2014/texmf-dist/metapost/feynmf/feynmp.mp) [1] )
 
Here is how much of MetaPost's memory you used:
 353 strings using 5237 characters
 1499688 bytes of node memory
 922 symbolic tokens
 14i,77n,28p,102b,3f stack positions out of 16i,96n,32p,200b,4f
1 output file written: test.1

